// Jest Snapshot v1, https://goo.gl/fbAQLP

exports[`Side Panel component should render 1`] = `
<ul
  class="MuiList-root makeStyles-root-1 MuiList-padding"
>
  <button
    class="sc-bdfBwQ htwEW"
  >
    + New Campaign
  </button>
  <li
    class="MuiListItem-root MuiListItem-gutters"
  >
    <div
      class="MuiListItemAvatar-root"
    >
      <button
        class="MuiButtonBase-root MuiIconButton-root"
        tabindex="0"
        type="button"
      >
        <span
          class="MuiIconButton-label"
        >
          <svg
            aria-hidden="true"
            class="MuiSvgIcon-root makeStyles-icon-2"
            focusable="false"
            viewBox="0 0 24 24"
          >
            <path
              d="M13 2.05v3.03c3.39.49 6 3.39 6 6.92 0 .9-.18 1.75-.48 2.54l2.6 1.53c.56-1.24.88-2.62.88-4.07 0-5.18-3.95-9.45-9-9.95zM12 19c-3.87 0-7-3.13-7-7 0-3.53 2.61-6.43 6-6.92V2.05c-5.06.5-9 4.76-9 9.95 0 5.52 4.47 10 9.99 10 3.31 0 6.24-1.61 8.06-4.09l-2.6-1.53C16.17 17.98 14.21 19 12 19z"
            />
          </svg>
        </span>
        <span
          class="MuiTouchRipple-root"
        />
      </button>
    </div>
    <div
      class="MuiListItemText-root sc-gsTCUz iNgytO MuiListItemText-multiline"
    >
      <span
        class="MuiTypography-root MuiListItemText-primary MuiTypography-body1 MuiTypography-displayBlock"
      >
        Metrics
      </span>
      <p
        class="MuiTypography-root MuiListItemText-secondary MuiTypography-body2 MuiTypography-colorTextSecondary MuiTypography-displayBlock"
      >
        Track your apps across devices
      </p>
    </div>
  </li>
  <li
    class="MuiListItem-root MuiListItem-gutters"
  >
    <div
      class="MuiListItemAvatar-root"
    >
      <button
        class="MuiButtonBase-root MuiIconButton-root"
        tabindex="0"
        type="button"
      >
        <span
          class="MuiIconButton-label"
        >
          <svg
            aria-hidden="true"
            class="MuiSvgIcon-root makeStyles-icon-2"
            focusable="false"
            viewBox="0 0 24 24"
          >
            <path
              d="M19.77 4.93l1.4 1.4L8.43 19.07l-5.6-5.6 1.4-1.4 4.2 4.2L19.77 4.93m0-2.83L8.43 13.44l-4.2-4.2L0 13.47l8.43 8.43L24 6.33 19.77 2.1z"
            />
          </svg>
        </span>
        <span
          class="MuiTouchRipple-root"
        />
      </button>
    </div>
    <div
      class="MuiListItemText-root sc-gsTCUz iNgytO MuiListItemText-multiline"
    >
      <span
        class="MuiTypography-root MuiListItemText-primary MuiTypography-body1 MuiTypography-displayBlock"
      >
        Results
      </span>
      <p
        class="MuiTypography-root MuiListItemText-secondary MuiTypography-body2 MuiTypography-colorTextSecondary MuiTypography-displayBlock"
      >
        View your results as an Excel file
      </p>
    </div>
  </li>
  <li
    class="MuiListItem-root MuiListItem-gutters"
  >
    <div
      class="MuiListItemAvatar-root"
    >
      <button
        class="MuiButtonBase-root MuiIconButton-root"
        tabindex="0"
        type="button"
      >
        <span
          class="MuiIconButton-label"
        >
          <svg
            aria-hidden="true"
            class="MuiSvgIcon-root makeStyles-icon-2"
            focusable="false"
            viewBox="0 0 24 24"
          >
            <path
              d="M5 9.2h3V19H5V9.2zM10.6 5h2.8v14h-2.8V5zm5.6 8H19v6h-2.8v-6z"
            />
          </svg>
        </span>
        <span
          class="MuiTouchRipple-root"
        />
      </button>
    </div>
    <div
      class="MuiListItemText-root sc-gsTCUz iNgytO MuiListItemText-multiline"
    >
      <span
        class="MuiTypography-root MuiListItemText-primary MuiTypography-body1 MuiTypography-displayBlock"
      >
        Google Analytics
      </span>
      <p
        class="MuiTypography-root MuiListItemText-secondary MuiTypography-body2 MuiTypography-colorTextSecondary MuiTypography-displayBlock"
      >
        Track visits to your sites
      </p>
    </div>
  </li>
  <li
    class="MuiListItem-root MuiListItem-gutters"
  >
    <div
      class="MuiListItemAvatar-root"
    >
      <button
        class="MuiButtonBase-root MuiIconButton-root"
        tabindex="0"
        type="button"
      >
        <span
          class="MuiIconButton-label"
        >
          <svg
            aria-hidden="true"
            class="MuiSvgIcon-root makeStyles-icon-2"
            focusable="false"
            viewBox="0 0 24 24"
          >
            <path
              d="M19 8h-1V3H6v5H5c-1.66 0-3 1.34-3 3v6h4v4h12v-4h4v-6c0-1.66-1.34-3-3-3zM8 5h8v3H8V5zm8 12v2H8v-4h8v2zm2-2v-2H6v2H4v-4c0-.55.45-1 1-1h14c.55 0 1 .45 1 1v4h-2z"
            />
            <circle
              cx="18"
              cy="11.5"
              r="1"
            />
          </svg>
        </span>
        <span
          class="MuiTouchRipple-root"
        />
      </button>
    </div>
    <div
      class="MuiListItemText-root sc-gsTCUz iNgytO MuiListItemText-multiline"
    >
      <span
        class="MuiTypography-root MuiListItemText-primary MuiTypography-body1 MuiTypography-displayBlock"
      >
        Reports
      </span>
      <p
        class="MuiTypography-root MuiListItemText-secondary MuiTypography-body2 MuiTypography-colorTextSecondary MuiTypography-displayBlock"
      >
        Get insights into the big data
      </p>
    </div>
  </li>
  <li
    class="MuiListItem-root MuiListItem-gutters"
  >
    <div
      class="MuiListItemAvatar-root"
    >
      <button
        class="MuiButtonBase-root MuiIconButton-root"
        tabindex="0"
        type="button"
      >
        <span
          class="MuiIconButton-label"
        >
          <svg
            aria-hidden="true"
            class="MuiSvgIcon-root makeStyles-icon-2"
            focusable="false"
            viewBox="0 0 24 24"
          >
            <path
              d="M22.61 18.99l-9.08-9.08c.93-2.34.45-5.1-1.44-7C9.79.61 6.21.4 3.66 2.26L7.5 6.11 6.08 7.52 2.25 3.69C.39 6.23.6 9.82 2.9 12.11c1.86 1.86 4.57 2.35 6.89 1.48l9.11 9.11c.39.39 1.02.39 1.41 0l2.3-2.3c.4-.38.4-1.01 0-1.41zm-3 1.6l-9.46-9.46c-.61.45-1.29.72-2 .82-1.36.2-2.79-.21-3.83-1.25C3.37 9.76 2.93 8.5 3 7.26l3.09 3.09 4.24-4.24-3.09-3.09c1.24-.07 2.49.37 3.44 1.31 1.08 1.08 1.49 2.57 1.24 3.96-.12.71-.42 1.37-.88 1.96l9.45 9.45-.88.89z"
            />
          </svg>
        </span>
        <span
          class="MuiTouchRipple-root"
        />
      </button>
    </div>
    <div
      class="MuiListItemText-root sc-gsTCUz iNgytO MuiListItemText-multiline"
    >
      <span
        class="MuiTypography-root MuiListItemText-primary MuiTypography-body1 MuiTypography-displayBlock"
      >
        More Tools
      </span>
      <p
        class="MuiTypography-root MuiListItemText-secondary MuiTypography-body2 MuiTypography-colorTextSecondary MuiTypography-displayBlock"
      >
        Upgrade your plan to PRO
      </p>
    </div>
  </li>
</ul>
`;
