// Jest Snapshot v1, https://goo.gl/fbAQLP

exports[`App component should render 1`] = `
<div>
  <h1>
    Dashboard
  </h1>
  <div>
    <svg />
  </div>
</div>
`;
